ℹ [13/14] Replayed Surangama.SevenLocations.Audit
info: lean/Surangama/SevenLocations/Audit.lean:28:0: 'Surangama.SevenLocations.L1' does not depend on any axioms
info: lean/Surangama/SevenLocations/Audit.lean:29:0: 'Surangama.SevenLocations.L2' does not depend on any axioms
info: lean/Surangama/SevenLocations/Audit.lean:30:0: 'Surangama.SevenLocations.L3' does not depend on any axioms
info: lean/Surangama/SevenLocations/Audit.lean:31:0: 'Surangama.SevenLocations.L4' depends on axioms: [propext, Classical.choice, Quot.sound]
info: lean/Surangama/SevenLocations/Audit.lean:32:0: 'Surangama.SevenLocations.L4_of_forward' does not depend on any axioms
info: lean/Surangama/SevenLocations/Audit.lean:33:0: 'Surangama.SevenLocations.L5' does not depend on any axioms
info: lean/Surangama/SevenLocations/Audit.lean:34:0: 'Surangama.SevenLocations.L6' does not depend on any axioms
info: lean/Surangama/SevenLocations/Audit.lean:35:0: 'Surangama.SevenLocations.L6_shortcut' does not depend on any axioms
info: lean/Surangama/SevenLocations/Audit.lean:36:0: 'Surangama.SevenLocations.L7' depends on axioms: [propext, Classical.choice, Quot.sound]
info: lean/Surangama/SevenLocations/Audit.lean:37:0: 'Surangama.SevenLocations.seven_refutations' depends on axioms: [propext, Classical.choice, Quot.sound]
info: lean/Surangama/SevenLocations/Audit.lean:38:0: 'Surangama.SevenLocations.no_candidate_place' depends on axioms: [propext, Classical.choice, Quot.sound]
info: lean/Surangama/SevenLocations/Audit.lean:39:0: 'Surangama.SevenLocations.sutra_premises_satisfiable' does not depend on any axioms
info: lean/Surangama/SevenLocations/Audit.lean:40:0: 'Surangama.SevenLocations.H1_not_refuted_by_modern' does not depend on any axioms
info: lean/Surangama/SevenLocations/Audit.lean:41:0: 'Surangama.SevenLocations.brainWorld_violates_A01' does not depend on any axioms
info: lean/Surangama/SevenLocations/Audit.lean:42:0: 'Surangama.SevenLocations.key_difference' does not depend on any axioms
info: lean/Surangama/SevenLocations/Audit.lean:43:0: 'Surangama.SevenLocations.sutra_and_field_compatible' does not depend on any axioms
info: lean/Surangama/SevenLocations/Audit.lean:45:0: 'Surangama.SevenLocations.InsideConditional.not_inside' does not depend on any axioms
info: lean/Surangama/SevenLocations/Audit.lean:46:0: 'Surangama.SevenLocations.InsideConditional.premises_have_model' does not depend on any axioms
info: lean/Surangama/SevenLocations/Audit.lean:47:0: 'Surangama.SevenLocations.InsideConditional.without_bridge_allows_inside' does not depend on any axioms
info: lean/Surangama/SevenLocations/Audit.lean:48:0: 'Surangama.SevenLocations.InsideConditional.without_no_inner_knowing_allows_inside' does not depend on any axioms
info: lean/Surangama/SevenLocations/Audit.lean:50:0: 'Surangama.SevenLocations.C2.not_outside' does not depend on any axioms
info: lean/Surangama/SevenLocations/Audit.lean:51:0: 'Surangama.SevenLocations.C2.premises_have_model' does not depend on any axioms
info: lean/Surangama/SevenLocations/Audit.lean:52:0: 'Surangama.SevenLocations.C2.without_bridge_allows_outside' does not depend on any axioms
info: lean/Surangama/SevenLocations/Audit.lean:53:0: 'Surangama.SevenLocations.C2.without_knowing_allows_outside' does not depend on any axioms
info: lean/Surangama/SevenLocations/Audit.lean:55:0: 'Surangama.SevenLocations.C3.not_in_root' does not depend on any axioms
info: lean/Surangama/SevenLocations/Audit.lean:56:0: 'Surangama.SevenLocations.C3.premises_have_model' does not depend on any axioms
info: lean/Surangama/SevenLocations/Audit.lean:57:0: 'Surangama.SevenLocations.C3.without_bridge_allows_in_root' does not depend on any axioms
info: lean/Surangama/SevenLocations/Audit.lean:58:0: 'Surangama.SevenLocations.C3.without_no_seeing_eye_allows_in_root' does not depend on any axioms
info: lean/Surangama/SevenLocations/Audit.lean:60:0: 'Surangama.SevenLocations.C3.not_in_root_of_seeing' does not depend on any axioms
info: lean/Surangama/SevenLocations/Audit.lean:61:0: 'Surangama.SevenLocations.C3.not_in_root_two_branches' does not depend on any axioms
info: lean/Surangama/SevenLocations/Audit.lean:62:0: 'Surangama.SevenLocations.C3.two_branch_premises_have_model' does not depend on any axioms
info: lean/Surangama/SevenLocations/Audit.lean:63:0: 'Surangama.SevenLocations.C3.two_branch_without_bridge_allows_in_root' does not depend on any axioms
info: lean/Surangama/SevenLocations/Audit.lean:64:0: 'Surangama.SevenLocations.C3.two_branch_without_following_allows_in_root' does not depend on any axioms
info: lean/Surangama/SevenLocations/Audit.lean:65:0: 'Surangama.SevenLocations.C3.two_branch_without_incompatibility_allows_in_root' does not depend on any axioms
info: lean/Surangama/SevenLocations/Audit.lean:67:0: 'Surangama.SevenLocations.C4.not_seeing_without_facing' does not depend on any axioms
info: lean/Surangama/SevenLocations/Audit.lean:68:0: 'Surangama.SevenLocations.C4.not_ordinary_darkness_explanation' does not depend on any axioms
info: lean/Surangama/SevenLocations/Audit.lean:69:0: 'Surangama.SevenLocations.C4.not_inward_when_no_face' does not depend on any axioms
info: lean/Surangama/SevenLocations/Audit.lean:70:0: 'Surangama.SevenLocations.C4.not_inward_when_face' does not depend on any axioms
info: lean/Surangama/SevenLocations/Audit.lean:71:0: 'Surangama.SevenLocations.C4.not_inward_explanation' does not depend on any axioms
info: lean/Surangama/SevenLocations/Audit.lean:72:0: 'Surangama.SevenLocations.C4.not_darkness_is_inner_sight' does not depend on any axioms
info: lean/Surangama/SevenLocations/Audit.lean:73:0: 'Surangama.SevenLocations.C4.not_external_ownership_by_face' does not depend on any axioms
info: lean/Surangama/SevenLocations/Audit.lean:74:0: 'Surangama.SevenLocations.C4.not_two_knowers' does not depend on any axioms
info: lean/Surangama/SevenLocations/Audit.lean:75:0: 'Surangama.SevenLocations.C4.not_external_knower_rescue' does not depend on any axioms
info: lean/Surangama/SevenLocations/Audit.lean:76:0: 'Surangama.SevenLocations.C4.not_inward_via_knower_rescue' does not depend on any axioms
info: lean/Surangama/SevenLocations/Audit.lean:77:0: 'Surangama.SevenLocations.C4.not_darkness_criterion' does not depend on any axioms
info: lean/Surangama/SevenLocations/Audit.lean:78:0: 'Surangama.SevenLocations.C4.ordinary_premises_have_model' does not depend on any axioms
info: lean/Surangama/SevenLocations/Audit.lean:79:0: 'Surangama.SevenLocations.C4.ordinary_without_evidence_bridge_allows_claim' does not depend on any axioms
info: lean/Surangama/SevenLocations/Audit.lean:80:0: 'Surangama.SevenLocations.C4.inward_premises_have_model' does not depend on any axioms
info: lean/Surangama/SevenLocations/Audit.lean:81:0: 'Surangama.SevenLocations.C4.inward_without_face_bridge_allows_claim' does not depend on any axioms
info: lean/Surangama/SevenLocations/Audit.lean:82:0: 'Surangama.SevenLocations.C4.knower_premises_have_model' does not depend on any axioms
info: lean/Surangama/SevenLocations/Audit.lean:83:0: 'Surangama.SevenLocations.C4.knower_without_terminal_limit_allows_rescue' does not depend on any axioms
info: lean/Surangama/SevenLocations/Audit.lean:85:0: 'Surangama.SevenLocations.C5ContactConditional.not_at_contact' does not depend on any axioms
info: lean/Surangama/SevenLocations/Audit.lean:86:0: 'Surangama.SevenLocations.C5ContactConditional.no_body_no_contact_from_empty_example' does not depend on any axioms
info: lean/Surangama/SevenLocations/Audit.lean:87:0: 'Surangama.SevenLocations.C5ContactConditional.not_at_contact_without_body' does not depend on any axioms
info: lean/Surangama/SevenLocations/Audit.lean:88:0: 'Surangama.SevenLocations.C5ContactConditional.not_at_contact_with_body' does not depend on any axioms
info: lean/Surangama/SevenLocations/Audit.lean:89:0: 'Surangama.SevenLocations.C5ContactConditional.not_at_contact_all_cases' does not depend on any axioms
info: lean/Surangama/SevenLocations/Audit.lean:91:0: 'Surangama.SevenLocations.C6.four_cases' does not depend on any axioms
info: lean/Surangama/SevenLocations/Audit.lean:92:0: 'Surangama.SevenLocations.C6.not_middle_of_both' does not depend on any axioms
info: lean/Surangama/SevenLocations/Audit.lean:93:0: 'Surangama.SevenLocations.C6.not_middle_of_root_only' does not depend on any axioms
info: lean/Surangama/SevenLocations/Audit.lean:94:0: 'Surangama.SevenLocations.C6.not_middle_of_dust_only' does not depend on any axioms
info: lean/Surangama/SevenLocations/Audit.lean:95:0: 'Surangama.SevenLocations.C6.not_middle_of_neither' does not depend on any axioms
info: lean/Surangama/SevenLocations/Audit.lean:96:0: 'Surangama.SevenLocations.C6.not_in_middle_four_cases' does not depend on any axioms
info: lean/Surangama/SevenLocations/Audit.lean:98:0: 'Surangama.SevenLocations.C7.not_unlocated_without_body' does not depend on any axioms
info: lean/Surangama/SevenLocations/Audit.lean:99:0: 'Surangama.SevenLocations.C7.not_unlocated_with_body' does not depend on any axioms
info: lean/Surangama/SevenLocations/Audit.lean:100:0: 'Surangama.SevenLocations.C7.not_unlocated_all_cases' does not depend on any axioms
info: lean/Surangama/SevenLocations/Audit.lean:102:0: 'Surangama.SevenLocations.SharedNonduality.bridge_for_each' does not depend on any axioms
info: lean/Surangama/SevenLocations/Audit.lean:103:0: 'Surangama.SevenLocations.SharedNonduality.exclude_identification' does not depend on any axioms
info: lean/Surangama/SevenLocations/Audit.lean:104:0: 'Surangama.SevenLocations.SharedNonduality.seven_identifications_refuted' does not depend on any axioms
info: lean/Surangama/SevenLocations/Audit.lean:105:0: 'Surangama.SevenLocations.SharedNonduality.refute_contextual_claim' does not depend on any axioms
info: lean/Surangama/SevenLocations/Audit.lean:106:0: 'Surangama.SevenLocations.SharedNonduality.premises_have_model_with_descriptions' does not depend on any axioms
info: lean/Surangama/SevenLocations/Audit.lean:107:0: 'Surangama.SevenLocations.SharedNonduality.without_common_exclusion' does not depend on any axioms
info: lean/Surangama/SevenLocations/Audit.lean:108:0: 'Surangama.SevenLocations.SharedNonduality.without_one_bridge' does not depend on any axioms
info: lean/Surangama/SevenLocations/Audit.lean:109:0: 'Surangama.SevenLocations.SharedNonduality.description_can_remain' does not depend on any axioms
Build completed successfully (14 jobs).
check-lean OK: no sorry, build passed
